// Jest Snapshot v1, https://goo.gl/fbAQLP

exports[`renders App component 1`] = `
<main
  className="MuiGrid-root MuiGrid-container css-1jrn2fe-MuiGrid-root"
>
  <div
    className="MuiGrid-root MuiGrid-item MuiGrid-grid-sm-4 MuiGrid-grid-md-7 css-1gbzzw4-MuiGrid-root"
  />
  <div
    className="MuiPaper-root MuiPaper-elevation MuiPaper-elevation6 MuiGrid-root MuiGrid-item MuiGrid-grid-xs-12 MuiGrid-grid-sm-8 MuiGrid-grid-md-5 css-gadse4-MuiPaper-root-MuiGrid-root"
  >
    <div
      className="MuiBox-root css-1y8ugea"
    >
      <div
        className="MuiAvatar-root MuiAvatar-circular MuiAvatar-colorDefault css-lguxed-MuiAvatar-root"
      >
        <svg
          aria-hidden={true}
          className="MuiSvgIcon-root MuiSvgIcon-fontSizeMedium css-i4bv87-MuiSvgIcon-root"
          data-testid="LockOutlinedIcon"
          focusable="false"
          viewBox="0 0 24 24"
        >
          <path
            d="M18 8h-1V6c0-2.76-2.24-5-5-5S7 3.24 7 6v2H6c-1.1 0-2 .9-2 2v10c0 1.1.9 2 2 2h12c1.1 0 2-.9 2-2V10c0-1.1-.9-2-2-2M9 6c0-1.66 1.34-3 3-3s3 1.34 3 3v2H9zm9 14H6V10h12zm-6-3c1.1 0 2-.9 2-2s-.9-2-2-2-2 .9-2 2 .9 2 2 2"
          />
        </svg>
      </div>
      <h1
        className="MuiTypography-root MuiTypography-h5 css-ag7rrr-MuiTypography-root"
      >
        Sign in
      </h1>
      <form
        className="MuiBox-root css-164r41r"
        noValidate={true}
        onSubmit={[Function]}
      >
        <div
          className="MuiFormControl-root MuiFormControl-marginNormal MuiFormControl-fullWidth MuiTextField-root css-17vbkzs-MuiFormControl-root-MuiTextField-root"
        >
          <label
            className="MuiFormLabel-root MuiInputLabel-root MuiInputLabel-formControl MuiInputLabel-animated MuiInputLabel-sizeMedium MuiInputLabel-outlined MuiFormLabel-colorPrimary Mui-required MuiInputLabel-root MuiInputLabel-formControl MuiInputLabel-animated MuiInputLabel-sizeMedium MuiInputLabel-outlined css-14s5rfu-MuiFormLabel-root-MuiInputLabel-root"
            data-shrink={false}
            htmlFor="email"
            id="email-label"
          >
            Email Address
            <span
              aria-hidden={true}
              className="MuiFormLabel-asterisk MuiInputLabel-asterisk css-wgai2y-MuiFormLabel-asterisk"
            >
               
              *
            </span>
          </label>
          <div
            className="MuiInputBase-root MuiOutlinedInput-root MuiInputBase-colorPrimary MuiInputBase-fullWidth MuiInputBase-formControl css-md26zr-MuiInputBase-root-MuiOutlinedInput-root"
            onClick={[Function]}
          >
            <input
              aria-invalid={false}
              autoComplete="email"
              autoFocus={true}
              className="MuiInputBase-input MuiOutlinedInput-input css-1t8l2tu-MuiInputBase-input-MuiOutlinedInput-input"
              disabled={false}
              id="email"
              name="email"
              onAnimationStart={[Function]}
              onBlur={[Function]}
              onChange={[Function]}
              onFocus={[Function]}
              required={true}
              type="text"
            />
            <fieldset
              aria-hidden={true}
              className="MuiOutlinedInput-notchedOutline css-1d3z3hw-MuiOutlinedInput-notchedOutline"
            >
              <legend
                className="css-yjsfm1"
              >
                <span>
                  Email Address
                   
                  *
                </span>
              </legend>
            </fieldset>
          </div>
        </div>
        <div
          className="MuiFormControl-root MuiFormControl-marginNormal MuiFormControl-fullWidth MuiTextField-root css-17vbkzs-MuiFormControl-root-MuiTextField-root"
        >
          <label
            className="MuiFormLabel-root MuiInputLabel-root MuiInputLabel-formControl MuiInputLabel-animated MuiInputLabel-sizeMedium MuiInputLabel-outlined MuiFormLabel-colorPrimary Mui-required MuiInputLabel-root MuiInputLabel-formControl MuiInputLabel-animated MuiInputLabel-sizeMedium MuiInputLabel-outlined css-14s5rfu-MuiFormLabel-root-MuiInputLabel-root"
            data-shrink={false}
            htmlFor="password"
            id="password-label"
          >
            Password
            <span
              aria-hidden={true}
              className="MuiFormLabel-asterisk MuiInputLabel-asterisk css-wgai2y-MuiFormLabel-asterisk"
            >
               
              *
            </span>
          </label>
          <div
            className="MuiInputBase-root MuiOutlinedInput-root MuiInputBase-colorPrimary MuiInputBase-fullWidth MuiInputBase-formControl css-md26zr-MuiInputBase-root-MuiOutlinedInput-root"
            onClick={[Function]}
          >
            <input
              aria-invalid={false}
              autoComplete="current-password"
              autoFocus={false}
              className="MuiInputBase-input MuiOutlinedInput-input css-1t8l2tu-MuiInputBase-input-MuiOutlinedInput-input"
              disabled={false}
              id="password"
              name="password"
              onAnimationStart={[Function]}
              onBlur={[Function]}
              onChange={[Function]}
              onFocus={[Function]}
              required={true}
              type="password"
            />
            <fieldset
              aria-hidden={true}
              className="MuiOutlinedInput-notchedOutline css-1d3z3hw-MuiOutlinedInput-notchedOutline"
            >
              <legend
                className="css-yjsfm1"
              >
                <span>
                  Password
                   
                  *
                </span>
              </legend>
            </fieldset>
          </div>
        </div>
        <label
          className="MuiFormControlLabel-root MuiFormControlLabel-labelPlacementEnd css-j204z7-MuiFormControlLabel-root"
        >
          <span
            className="MuiButtonBase-root MuiCheckbox-root MuiCheckbox-colorPrimary MuiCheckbox-sizeMedium PrivateSwitchBase-root MuiCheckbox-root MuiCheckbox-colorPrimary MuiCheckbox-sizeMedium MuiCheckbox-root MuiCheckbox-colorPrimary MuiCheckbox-sizeMedium css-12wnr2w-MuiButtonBase-root-MuiCheckbox-root"
            onBlur={[Function]}
            onContextMenu={[Function]}
            onDragLeave={[Function]}
            onFocus={[Function]}
            onKeyDown={[Function]}
            onKeyUp={[Function]}
            onMouseDown={[Function]}
            onMouseLeave={[Function]}
            onMouseUp={[Function]}
            onTouchEnd={[Function]}
            onTouchMove={[Function]}
            onTouchStart={[Function]}
            tabIndex={null}
          >
            <input
              className="PrivateSwitchBase-input css-1m9pwf3"
              data-indeterminate={false}
              onChange={[Function]}
              required={false}
              type="checkbox"
              value="remember"
            />
            <svg
              aria-hidden={true}
              className="MuiSvgIcon-root MuiSvgIcon-fontSizeMedium css-i4bv87-MuiSvgIcon-root"
              data-testid="CheckBoxOutlineBlankIcon"
              focusable="false"
              viewBox="0 0 24 24"
            >
              <path
                d="M19 5v14H5V5h14m0-2H5c-1.1 0-2 .9-2 2v14c0 1.1.9 2 2 2h14c1.1 0 2-.9 2-2V5c0-1.1-.9-2-2-2z"
              />
            </svg>
            <span
              className="MuiTouchRipple-root css-8je8zh-MuiTouchRipple-root"
            />
          </span>
          <span
            className="MuiTypography-root MuiTypography-body1 MuiFormControlLabel-label css-ahj2mt-MuiTypography-root"
          >
            Remember me
          </span>
        </label>
        <button
          className="MuiButtonBase-root MuiButton-root MuiButton-contained MuiButton-containedPrimary MuiButton-sizeMedium MuiButton-containedSizeMedium MuiButton-fullWidth MuiButton-root MuiButton-contained MuiButton-containedPrimary MuiButton-sizeMedium MuiButton-containedSizeMedium MuiButton-fullWidth css-1vhaqj4-MuiButtonBase-root-MuiButton-root"
          disabled={false}
          onBlur={[Function]}
          onContextMenu={[Function]}
          onDragLeave={[Function]}
          onFocus={[Function]}
          onKeyDown={[Function]}
          onKeyUp={[Function]}
          onMouseDown={[Function]}
          onMouseLeave={[Function]}
          onMouseUp={[Function]}
          onTouchEnd={[Function]}
          onTouchMove={[Function]}
          onTouchStart={[Function]}
          tabIndex={0}
          type="submit"
        >
          Sign In
          <span
            className="MuiTouchRipple-root css-8je8zh-MuiTouchRipple-root"
          />
        </button>
        <div
          className="MuiGrid-root MuiGrid-container css-11lq3yg-MuiGrid-root"
        >
          <div
            className="MuiGrid-root MuiGrid-item MuiGrid-grid-xs-true css-1vd824g-MuiGrid-root"
          >
            <a
              className="MuiTypography-root MuiTypography-body2 MuiLink-root MuiLink-underlineAlways css-101ca9i-MuiTypography-root-MuiLink-root"
              href="#"
              onBlur={[Function]}
              onFocus={[Function]}
            >
              Forgot password?
            </a>
          </div>
          <div
            className="MuiGrid-root MuiGrid-item css-13i4rnv-MuiGrid-root"
          >
            <a
              className="MuiTypography-root MuiTypography-body2 MuiLink-root MuiLink-underlineAlways css-101ca9i-MuiTypography-root-MuiLink-root"
              href="#"
              onBlur={[Function]}
              onFocus={[Function]}
            >
              Don't have an account? Sign Up
            </a>
          </div>
        </div>
        <p
          className="MuiTypography-root MuiTypography-body2 MuiTypography-alignCenter css-5k114j-MuiTypography-root"
        >
          Copyright © 
          <a
            className="MuiTypography-root MuiTypography-inherit MuiLink-root MuiLink-underlineAlways css-xdxgn1-MuiTypography-root-MuiLink-root"
            href="https://mui.com/"
            onBlur={[Function]}
            onFocus={[Function]}
          >
            Your Website
          </a>
           
          2024
          .
        </p>
      </form>
    </div>
  </div>
</main>
`;
